
> timea-mvp@0.1.0 build
> next build

node.exe : [baseline-browser-mapping] The data 
in this module is over two months old.  To 
ensure accurate Baseline data, please update: 
`npm i baseline-browser-mapping@latest -D`
At line:1 char:1
+ & "C:\Program Files\nodejs/node.exe" 
"C:\Program Files\nodejs/node_mo ...
+ ~~~~~~~~~~~~~~~~~~~~~~~~~~~~~~~~~~~~~~~~~~~~~~
~~~~~~~~~~~~~~~~~~~~~~~
    + CategoryInfo          : NotSpecified: ([b 
   aseline-brows...ping@latest -D`:String) [],  
   RemoteException
    + FullyQualifiedErrorId : NativeCommandErro 
   r
 
   Γû▓ Next.js 16.0.7 (Turbopack)
   - Environments: .env

 ΓÜá The "middleware" file convention is 
deprecated. Please use "proxy" instead. Learn 
more: https://nextjs.org/docs/messages/middlewar
e-to-proxy
   Creating an optimized production build ...
[baseline-browser-mapping] The data in this 
module is over two months old.  To ensure 
accurate Baseline data, please update: `npm i 
baseline-browser-mapping@latest -D`

> Build error occurred
Error: Turbopack build failed with 1 errors:
./app/api/ai/predict-timesheet/route.ts:2:1
Module not found: Can't resolve '@/lib/prisma'
[0m [90m 1 |[39m [36mimport[39m { 
[33mNextRequest[39m[33m,[39m 
[33mNextResponse[39m } [36mfrom[39m 
[32m'next/server'[39m[33m;[39m
[31m[1m>[22m[39m[90m 2 |[39m 
[36mimport[39m prisma [36mfrom[39m 
[32m'@/lib/prisma'[39m[33m;[39m
 [90m   |[39m [31m[1m^[22m[39m[31m[1m^[
22m[39m[31m[1m^[22m[39m[31m[1m^[22m[39m
[31m[1m^[22m[39m[31m[1m^[22m[39m[31m[1
m^[22m[39m[31m[1m^[22m[39m[31m[1m^[22m
[39m[31m[1m^[22m[39m[31m[1m^[22m[39m[31
m[1m^[22m[39m[31m[1m^[22m[39m[31m[1m^[
22m[39m[31m[1m^[22m[39m[31m[1m^[22m[39m
[31m[1m^[22m[39m[31m[1m^[22m[39m[31m[1
m^[22m[39m[31m[1m^[22m[39m[31m[1m^[22m
[39m[31m[1m^[22m[39m[31m[1m^[22m[39m[31
m[1m^[22m[39m[31m[1m^[22m[39m[31m[1m^[
22m[39m[31m[1m^[22m[39m[31m[1m^[22m[39m
[31m[1m^[22m[39m[31m[1m^[22m[39m[31m[1
m^[22m[39m[31m[1m^[22m[39m[31m[1m^[22m
[39m[31m[1m^[22m[39m
 [90m 3 |[39m
 [90m 4 |[39m [90m/**[39m
 [90m 5 |[39m [90m * POST 
/api/ai/predict-timesheet[39m[0m

Import map: aliased to relative './lib/prisma' 
inside of [project]/


https://nextjs.org/docs/messages/module-not-foun
d


    at <unknown> 
(./app/api/ai/predict-timesheet/route.ts:2:1)
    at <unknown> (https://nextjs.org/docs/messag
es/module-not-found)
